Archive member included to satisfy reference by file (symbol)

/opt/st/stm32cubeide_1.6.1/plugins/com.st.stm32cube.ide.mcu.externaltools.gnu-tools-for-stm32.9-2020-q2-update.linux64_1.5.0.202011040924/tools/bin/../lib/gcc/arm-none-eabi/9.3.1/../../../../arm-none-eabi/lib/thumb/v7e-m/nofp/libc_nano.a(lib_a-errno.o)
                              Src/syscalls.o (__errno)
/opt/st/stm32cubeide_1.6.1/plugins/com.st.stm32cube.ide.mcu.externaltools.gnu-tools-for-stm32.9-2020-q2-update.linux64_1.5.0.202011040924/tools/bin/../lib/gcc/arm-none-eabi/9.3.1/../../../../arm-none-eabi/lib/thumb/v7e-m/nofp/libc_nano.a(lib_a-exit.o)
                              /opt/st/stm32cubeide_1.6.1/plugins/com.st.stm32cube.ide.mcu.externaltools.gnu-tools-for-stm32.9-2020-q2-update.linux64_1.5.0.202011040924/tools/bin/../lib/gcc/arm-none-eabi/9.3.1/../../../../arm-none-eabi/lib/thumb/v7e-m/nofp/crt0.o (exit)
/opt/st/stm32cubeide_1.6.1/plugins/com.st.stm32cube.ide.mcu.externaltools.gnu-tools-for-stm32.9-2020-q2-update.linux64_1.5.0.202011040924/tools/bin/../lib/gcc/arm-none-eabi/9.3.1/../../../../arm-none-eabi/lib/thumb/v7e-m/nofp/libc_nano.a(lib_a-impure.o)
                              /opt/st/stm32cubeide_1.6.1/plugins/com.st.stm32cube.ide.mcu.externaltools.gnu-tools-for-stm32.9-2020-q2-update.linux64_1.5.0.202011040924/tools/bin/../lib/gcc/arm-none-eabi/9.3.1/../../../../arm-none-eabi/lib/thumb/v7e-m/nofp/libc_nano.a(lib_a-exit.o) (_global_impure_ptr)
/opt/st/stm32cubeide_1.6.1/plugins/com.st.stm32cube.ide.mcu.externaltools.gnu-tools-for-stm32.9-2020-q2-update.linux64_1.5.0.202011040924/tools/bin/../lib/gcc/arm-none-eabi/9.3.1/../../../../arm-none-eabi/lib/thumb/v7e-m/nofp/libc_nano.a(lib_a-init.o)
                              /opt/st/stm32cubeide_1.6.1/plugins/com.st.stm32cube.ide.mcu.externaltools.gnu-tools-for-stm32.9-2020-q2-update.linux64_1.5.0.202011040924/tools/bin/../lib/gcc/arm-none-eabi/9.3.1/../../../../arm-none-eabi/lib/thumb/v7e-m/nofp/crt0.o (__libc_init_array)
/opt/st/stm32cubeide_1.6.1/plugins/com.st.stm32cube.ide.mcu.externaltools.gnu-tools-for-stm32.9-2020-q2-update.linux64_1.5.0.202011040924/tools/bin/../lib/gcc/arm-none-eabi/9.3.1/../../../../arm-none-eabi/lib/thumb/v7e-m/nofp/libc_nano.a(lib_a-memset.o)
                              /opt/st/stm32cubeide_1.6.1/plugins/com.st.stm32cube.ide.mcu.externaltools.gnu-tools-for-stm32.9-2020-q2-update.linux64_1.5.0.202011040924/tools/bin/../lib/gcc/arm-none-eabi/9.3.1/../../../../arm-none-eabi/lib/thumb/v7e-m/nofp/crt0.o (memset)
/opt/st/stm32cubeide_1.6.1/plugins/com.st.stm32cube.ide.mcu.externaltools.gnu-tools-for-stm32.9-2020-q2-update.linux64_1.5.0.202011040924/tools/bin/../lib/gcc/arm-none-eabi/9.3.1/../../../../arm-none-eabi/lib/thumb/v7e-m/nofp/libc_nano.a(lib_a-strlen.o)
                              Src/I2C_MasterTx.o (strlen)

Discarded input sections

 .text          0x0000000000000000        0x0 /opt/st/stm32cubeide_1.6.1/plugins/com.st.stm32cube.ide.mcu.externaltools.gnu-tools-for-stm32.9-2020-q2-update.linux64_1.5.0.202011040924/tools/bin/../lib/gcc/arm-none-eabi/9.3.1/thumb/v7e-m/nofp/crti.o
 .data          0x0000000000000000        0x0 /opt/st/stm32cubeide_1.6.1/plugins/com.st.stm32cube.ide.mcu.externaltools.gnu-tools-for-stm32.9-2020-q2-update.linux64_1.5.0.202011040924/tools/bin/../lib/gcc/arm-none-eabi/9.3.1/thumb/v7e-m/nofp/crti.o
 .bss           0x0000000000000000        0x0 /opt/st/stm32cubeide_1.6.1/plugins/com.st.stm32cube.ide.mcu.externaltools.gnu-tools-for-stm32.9-2020-q2-update.linux64_1.5.0.202011040924/tools/bin/../lib/gcc/arm-none-eabi/9.3.1/thumb/v7e-m/nofp/crti.o
 .data          0x0000000000000000        0x4 /opt/st/stm32cubeide_1.6.1/plugins/com.st.stm32cube.ide.mcu.externaltools.gnu-tools-for-stm32.9-2020-q2-update.linux64_1.5.0.202011040924/tools/bin/../lib/gcc/arm-none-eabi/9.3.1/thumb/v7e-m/nofp/crtbegin.o
 .text          0x0000000000000000       0x7c /opt/st/stm32cubeide_1.6.1/plugins/com.st.stm32cube.ide.mcu.externaltools.gnu-tools-for-stm32.9-2020-q2-update.linux64_1.5.0.202011040924/tools/bin/../lib/gcc/arm-none-eabi/9.3.1/../../../../arm-none-eabi/lib/thumb/v7e-m/nofp/crt0.o
 .data          0x0000000000000000        0x0 /opt/st/stm32cubeide_1.6.1/plugins/com.st.stm32cube.ide.mcu.externaltools.gnu-tools-for-stm32.9-2020-q2-update.linux64_1.5.0.202011040924/tools/bin/../lib/gcc/arm-none-eabi/9.3.1/../../../../arm-none-eabi/lib/thumb/v7e-m/nofp/crt0.o
 .bss           0x0000000000000000        0x0 /opt/st/stm32cubeide_1.6.1/plugins/com.st.stm32cube.ide.mcu.externaltools.gnu-tools-for-stm32.9-2020-q2-update.linux64_1.5.0.202011040924/tools/bin/../lib/gcc/arm-none-eabi/9.3.1/../../../../arm-none-eabi/lib/thumb/v7e-m/nofp/crt0.o
 .ARM.extab     0x0000000000000000        0x0 /opt/st/stm32cubeide_1.6.1/plugins/com.st.stm32cube.ide.mcu.externaltools.gnu-tools-for-stm32.9-2020-q2-update.linux64_1.5.0.202011040924/tools/bin/../lib/gcc/arm-none-eabi/9.3.1/../../../../arm-none-eabi/lib/thumb/v7e-m/nofp/crt0.o
 .ARM.exidx     0x0000000000000000       0x10 /opt/st/stm32cubeide_1.6.1/plugins/com.st.stm32cube.ide.mcu.externaltools.gnu-tools-for-stm32.9-2020-q2-update.linux64_1.5.0.202011040924/tools/bin/../lib/gcc/arm-none-eabi/9.3.1/../../../../arm-none-eabi/lib/thumb/v7e-m/nofp/crt0.o
 .ARM.attributes
                0x0000000000000000       0x1c /opt/st/stm32cubeide_1.6.1/plugins/com.st.stm32cube.ide.mcu.externaltools.gnu-tools-for-stm32.9-2020-q2-update.linux64_1.5.0.202011040924/tools/bin/../lib/gcc/arm-none-eabi/9.3.1/../../../../arm-none-eabi/lib/thumb/v7e-m/nofp/crt0.o
 .group         0x0000000000000000        0xc Drivers/Src/stm32f407vg_gpio_driver.o
 .group         0x0000000000000000        0xc Drivers/Src/stm32f407vg_gpio_driver.o
 .group         0x0000000000000000        0xc Drivers/Src/stm32f407vg_gpio_driver.o
 .group         0x0000000000000000        0xc Drivers/Src/stm32f407vg_gpio_driver.o
 .group         0x0000000000000000        0xc Drivers/Src/stm32f407vg_gpio_driver.o
 .group         0x0000000000000000        0xc Drivers/Src/stm32f407vg_gpio_driver.o
 .group         0x0000000000000000        0xc Drivers/Src/stm32f407vg_gpio_driver.o
 .group         0x0000000000000000        0xc Drivers/Src/stm32f407vg_gpio_driver.o
 .group         0x0000000000000000        0xc Drivers/Src/stm32f407vg_gpio_driver.o
 .group         0x0000000000000000        0xc Drivers/Src/stm32f407vg_gpio_driver.o
 .group         0x0000000000000000        0xc Drivers/Src/stm32f407vg_gpio_driver.o
 .group         0x0000000000000000        0xc Drivers/Src/stm32f407vg_gpio_driver.o
 .text          0x0000000000000000        0x0 Drivers/Src/stm32f407vg_gpio_driver.o
 .data          0x0000000000000000        0x0 Drivers/Src/stm32f407vg_gpio_driver.o
 .bss           0x0000000000000000        0x0 Drivers/Src/stm32f407vg_gpio_driver.o
 .text.GPIO_ClkControl
                0x0000000000000000      0x110 Drivers/Src/stm32f407vg_gpio_driver.o
 .text.GPIO_DeInit
                0x0000000000000000       0x98 Drivers/Src/stm32f407vg_gpio_driver.o
 .text.GPIO_ReadInputPin
                0x0000000000000000       0x2a Drivers/Src/stm32f407vg_gpio_driver.o
 .text.GPIO_ReadInputPort
                0x0000000000000000       0x1c Drivers/Src/stm32f407vg_gpio_driver.o
 .text.GPIO_WriteOutputPin
                0x0000000000000000       0x48 Drivers/Src/stm32f407vg_gpio_driver.o
 .text.GPIO_WriteOutputPort
                0x0000000000000000       0x1c Drivers/Src/stm32f407vg_gpio_driver.o
 .text.GPIO_ToggleOutputPin
                0x0000000000000000       0x28 Drivers/Src/stm32f407vg_gpio_driver.o
 .group         0x0000000000000000        0xc Drivers/Src/stm32f407vg_i2c_driver.o
 .group         0x0000000000000000        0xc Drivers/Src/stm32f407vg_i2c_driver.o
 .group         0x0000000000000000        0xc Drivers/Src/stm32f407vg_i2c_driver.o
 .group         0x0000000000000000        0xc Drivers/Src/stm32f407vg_i2c_driver.o
 .group         0x0000000000000000        0xc Drivers/Src/stm32f407vg_i2c_driver.o
 .group         0x0000000000000000        0xc Drivers/Src/stm32f407vg_i2c_driver.o
 .group         0x0000000000000000        0xc Drivers/Src/stm32f407vg_i2c_driver.o
 .group         0x0000000000000000        0xc Drivers/Src/stm32f407vg_i2c_driver.o
 .group         0x0000000000000000        0xc Drivers/Src/stm32f407vg_i2c_driver.o
 .group         0x0000000000000000        0xc Drivers/Src/stm32f407vg_i2c_driver.o
 .group         0x0000000000000000        0xc Drivers/Src/stm32f407vg_i2c_driver.o
 .group         0x0000000000000000        0xc Drivers/Src/stm32f407vg_i2c_driver.o
 .text          0x0000000000000000        0x0 Drivers/Src/stm32f407vg_i2c_driver.o
 .data          0x0000000000000000        0x0 Drivers/Src/stm32f407vg_i2c_driver.o
 .bss           0x0000000000000000        0x0 Drivers/Src/stm32f407vg_i2c_driver.o
 .text.I2C_DeInit
                0x0000000000000000       0x64 Drivers/Src/stm32f407vg_i2c_driver.o
 .text.I2CMaster_RecieveData
                0x0000000000000000      0x12c Drivers/Src/stm32f407vg_i2c_driver.o
 .text.I2C_MasterSendDataIT
                0x0000000000000000       0x94 Drivers/Src/stm32f407vg_i2c_driver.o
 .text.I2C_MasterReceiveDataIT
                0x0000000000000000       0x9a Drivers/Src/stm32f407vg_i2c_driver.o
 .text.I2C_IRQConfig
                0x0000000000000000      0x148 Drivers/Src/stm32f407vg_i2c_driver.o
 .text.I2C_EV_IRQHandling
                0x0000000000000000       0x12 Drivers/Src/stm32f407vg_i2c_driver.o
 .text.I2C_ER_IRQHandling
                0x0000000000000000       0x12 Drivers/Src/stm32f407vg_i2c_driver.o
 .debug_macro   0x0000000000000000      0xaa8 Drivers/Src/stm32f407vg_i2c_driver.o
 .debug_macro   0x0000000000000000       0x22 Drivers/Src/stm32f407vg_i2c_driver.o
 .debug_macro   0x0000000000000000       0x8e Drivers/Src/stm32f407vg_i2c_driver.o
 .debug_macro   0x0000000000000000       0x51 Drivers/Src/stm32f407vg_i2c_driver.o
 .debug_macro   0x0000000000000000      0x103 Drivers/Src/stm32f407vg_i2c_driver.o
 .debug_macro   0x0000000000000000       0x6a Drivers/Src/stm32f407vg_i2c_driver.o
 .debug_macro   0x0000000000000000      0x1df Drivers/Src/stm32f407vg_i2c_driver.o
 .debug_macro   0x0000000000000000      0x174 Drivers/Src/stm32f407vg_i2c_driver.o
 .debug_macro   0x0000000000000000      0x5d9 Drivers/Src/stm32f407vg_i2c_driver.o
 .debug_macro   0x0000000000000000       0xc4 Drivers/Src/stm32f407vg_i2c_driver.o
 .group         0x0000000000000000        0xc Drivers/Src/stm32f407vg_spi_driver.o
 .group         0x0000000000000000        0xc Drivers/Src/stm32f407vg_spi_driver.o
 .group         0x0000000000000000        0xc Drivers/Src/stm32f407vg_spi_driver.o
 .group         0x0000000000000000        0xc Drivers/Src/stm32f407vg_spi_driver.o
 .group         0x0000000000000000        0xc Drivers/Src/stm32f407vg_spi_driver.o
 .group         0x0000000000000000        0xc Drivers/Src/stm32f407vg_spi_driver.o
 .group         0x0000000000000000        0xc Drivers/Src/stm32f407vg_spi_driver.o
 .group         0x0000000000000000        0xc Drivers/Src/stm32f407vg_spi_driver.o
 .group         0x0000000000000000        0xc Drivers/Src/stm32f407vg_spi_driver.o
 .group         0x0000000000000000        0xc Drivers/Src/stm32f407vg_spi_driver.o
 .group         0x0000000000000000        0xc Drivers/Src/stm32f407vg_spi_driver.o
 .group         0x0000000000000000        0xc Drivers/Src/stm32f407vg_spi_driver.o
 .text          0x0000000000000000        0x0 Drivers/Src/stm32f407vg_spi_driver.o
 .data          0x0000000000000000        0x0 Drivers/Src/stm32f407vg_spi_driver.o
 .bss           0x0000000000000000        0x0 Drivers/Src/stm32f407vg_spi_driver.o
 .text.SPI_PeriClockControl
                0x0000000000000000       0xb0 Drivers/Src/stm32f407vg_spi_driver.o
 .text.SPI_Init
                0x0000000000000000      0x15a Drivers/Src/stm32f407vg_spi_driver.o
 .text.SPI_DeInit
                0x0000000000000000       0x64 Drivers/Src/stm32f407vg_spi_driver.o
 .text.SPI_SendData
                0x0000000000000000       0x68 Drivers/Src/stm32f407vg_spi_driver.o
 .text.SPI_RecieveData
                0x0000000000000000       0x68 Drivers/Src/stm32f407vg_spi_driver.o
 .text.SPI_SendDataIT
                0x0000000000000000       0x46 Drivers/Src/stm32f407vg_spi_driver.o
 .text.SPI_ReceiveDataIT
                0x0000000000000000       0x48 Drivers/Src/stm32f407vg_spi_driver.o
 .text.SPI_IRQConfig
                0x0000000000000000      0x148 Drivers/Src/stm32f407vg_spi_driver.o
 .text.SPI_IRQHandling
                0x0000000000000000       0x9a Drivers/Src/stm32f407vg_spi_driver.o
 .text.spi_txe_interrupt_handler
                0x0000000000000000       0x92 Drivers/Src/stm32f407vg_spi_driver.o
 .text.spi_rxne_interrupt_handler
                0x0000000000000000       0x96 Drivers/Src/stm32f407vg_spi_driver.o
 .text.spi_ovr_err_interrupt_handler
                0x0000000000000000       0x30 Drivers/Src/stm32f407vg_spi_driver.o
 .text.SPI_ApplicationEventCallback
                0x0000000000000000       0x16 Drivers/Src/stm32f407vg_spi_driver.o
 .debug_info    0x0000000000000000      0x745 Drivers/Src/stm32f407vg_spi_driver.o
 .debug_abbrev  0x0000000000000000      0x18a Drivers/Src/stm32f407vg_spi_driver.o
 .debug_aranges
                0x0000000000000000       0x80 Drivers/Src/stm32f407vg_spi_driver.o
 .debug_ranges  0x0000000000000000       0x70 Drivers/Src/stm32f407vg_spi_driver.o
 .debug_macro   0x0000000000000000       0xad Drivers/Src/stm32f407vg_spi_driver.o
 .debug_macro   0x0000000000000000      0xaa8 Drivers/Src/stm32f407vg_spi_driver.o
 .debug_macro   0x0000000000000000       0x22 Drivers/Src/stm32f407vg_spi_driver.o
 .debug_macro   0x0000000000000000       0x8e Drivers/Src/stm32f407vg_spi_driver.o
 .debug_macro   0x0000000000000000       0x51 Drivers/Src/stm32f407vg_spi_driver.o
 .debug_macro   0x0000000000000000      0x103 Drivers/Src/stm32f407vg_spi_driver.o
 .debug_macro   0x0000000000000000       0x6a Drivers/Src/stm32f407vg_spi_driver.o
 .debug_macro   0x0000000000000000      0x1df Drivers/Src/stm32f407vg_spi_driver.o
 .debug_macro   0x0000000000000000      0x174 Drivers/Src/stm32f407vg_spi_driver.o
 .debug_macro   0x0000000000000000      0x5d9 Drivers/Src/stm32f407vg_spi_driver.o
 .debug_macro   0x0000000000000000       0xc4 Drivers/Src/stm32f407vg_spi_driver.o
 .debug_macro   0x0000000000000000       0x40 Drivers/Src/stm32f407vg_spi_driver.o
 .debug_macro   0x0000000000000000       0xa6 Drivers/Src/stm32f407vg_spi_driver.o
 .debug_line    0x0000000000000000      0x912 Drivers/Src/stm32f407vg_spi_driver.o
 .debug_str     0x0000000000000000     0x622c Drivers/Src/stm32f407vg_spi_driver.o
 .comment       0x0000000000000000       0x54 Drivers/Src/stm32f407vg_spi_driver.o
 .debug_frame   0x0000000000000000      0x204 Drivers/Src/stm32f407vg_spi_driver.o
 .ARM.attributes
                0x0000000000000000       0x2e Drivers/Src/stm32f407vg_spi_driver.o
 .group         0x0000000000000000        0xc Src/I2C_MasterTx.o
 .group         0x0000000000000000        0xc Src/I2C_MasterTx.o
 .group         0x0000000000000000        0xc Src/I2C_MasterTx.o
 .group         0x0000000000000000        0xc Src/I2C_MasterTx.o
 .group         0x0000000000000000        0xc Src/I2C_MasterTx.o
 .group         0x0000000000000000        0xc Src/I2C_MasterTx.o
 .group         0x0000000000000000        0xc Src/I2C_MasterTx.o
 .group         0x0000000000000000        0xc Src/I2C_MasterTx.o
 .group         0x0000000000000000        0xc Src/I2C_MasterTx.o
 .group         0x0000000000000000        0xc Src/I2C_MasterTx.o
 .group         0x0000000000000000        0xc Src/I2C_MasterTx.o
 .group         0x0000000000000000        0xc Src/I2C_MasterTx.o
 .group         0x0000000000000000        0xc Src/I2C_MasterTx.o
 .group         0x0000000000000000        0xc Src/I2C_MasterTx.o
 .group         0x0000000000000000        0xc Src/I2C_MasterTx.o
 .group         0x0000000000000000        0xc Src/I2C_MasterTx.o
 .group         0x0000000000000000        0xc Src/I2C_MasterTx.o
 .group         0x0000000000000000        0xc Src/I2C_MasterTx.o
 .group         0x0000000000000000        0xc Src/I2C_MasterTx.o
 .group         0x0000000000000000        0xc Src/I2C_MasterTx.o
 .group         0x0000000000000000        0xc Src/I2C_MasterTx.o
 .group         0x0000000000000000        0xc Src/I2C_MasterTx.o
 .group         0x0000000000000000        0xc Src/I2C_MasterTx.o
 .group         0x0000000000000000        0xc Src/I2C_MasterTx.o
 .group         0x0000000000000000        0xc Src/I2C_MasterTx.o
 .group         0x0000000000000000        0xc Src/I2C_MasterTx.o
 .group         0x0000000000000000        0xc Src/I2C_MasterTx.o
 .group         0x0000000000000000        0xc Src/I2C_MasterTx.o
 .text          0x0000000000000000        0x0 Src/I2C_MasterTx.o
 .data          0x0000000000000000        0x0 Src/I2C_MasterTx.o
 .bss           0x0000000000000000        0x0 Src/I2C_MasterTx.o
 .debug_macro   0x0000000000000000      0xaa8 Src/I2C_MasterTx.o
 .debug_macro   0x0000000000000000       0x22 Src/I2C_MasterTx.o
 .debug_macro   0x0000000000000000       0x8e Src/I2C_MasterTx.o
 .debug_macro   0x0000000000000000       0x51 Src/I2C_MasterTx.o
 .debug_macro   0x0000000000000000      0x103 Src/I2C_MasterTx.o
 .debug_macro   0x0000000000000000       0x6a Src/I2C_MasterTx.o
 .debug_macro   0x0000000000000000      0x1df Src/I2C_MasterTx.o
 .debug_macro   0x0000000000000000      0x174 Src/I2C_MasterTx.o
 .debug_macro   0x0000000000000000      0x5d9 Src/I2C_MasterTx.o
 .debug_macro   0x0000000000000000       0xc4 Src/I2C_MasterTx.o
 .debug_macro   0x0000000000000000       0xac Src/I2C_MasterTx.o
 .debug_macro   0x0000000000000000       0x40 Src/I2C_MasterTx.o
 .group         0x0000000000000000        0xc Src/syscalls.o
 .group         0x0000000000000000        0xc Src/syscalls.o
 .group         0x0000000000000000        0xc Src/syscalls.o
 .group         0x0000000000000000        0xc Src/syscalls.o
 .group         0x0000000000000000        0xc Src/syscalls.o
 .group         0x0000000000000000        0xc Src/syscalls.o
 .group         0x0000000000000000        0xc Src/syscalls.o
 .group         0x0000000000000000        0xc Src/syscalls.o
 .group         0x0000000000000000        0xc Src/syscalls.o
 .group         0x0000000000000000        0xc Src/syscalls.o
 .group         0x0000000000000000        0xc Src/syscalls.o
 .group         0x0000000000000000        0xc Src/syscalls.o
 .group         0x0000000000000000        0xc Src/syscalls.o
 .group         0x0000000000000000        0xc Src/syscalls.o
 .group         0x0000000000000000        0xc Src/syscalls.o
 .group         0x0000000000000000        0xc Src/syscalls.o
 .group         0x0000000000000000        0xc Src/syscalls.o
 .group         0x0000000000000000        0xc Src/syscalls.o
 .group         0x0000000000000000        0xc Src/syscalls.o
 .group         0x0000000000000000        0xc Src/syscalls.o
 .group         0x0000000000000000        0xc Src/syscalls.o
 .group         0x0000000000000000        0xc Src/syscalls.o
 .group         0x0000000000000000        0xc Src/syscalls.o
 .group         0x0000000000000000        0xc Src/syscalls.o
 .group         0x0000000000000000        0xc Src/syscalls.o
 .group         0x0000000000000000        0xc Src/syscalls.o
 .group         0x0000000000000000        0xc Src/syscalls.o
 .group         0x0000000000000000        0xc Src/syscalls.o
 .group         0x0000000000000000        0xc Src/syscalls.o
 .group         0x0000000000000000        0xc Src/syscalls.o
 .group         0x0000000000000000        0xc Src/syscalls.o
 .group         0x0000000000000000        0xc Src/syscalls.o
 .group         0x0000000000000000        0xc Src/syscalls.o
 .group         0x0000000000000000        0xc Src/syscalls.o
 .group         0x0000000000000000        0xc Src/syscalls.o
 .group         0x0000000000000000        0xc Src/syscalls.o
 .group         0x0000000000000000        0xc Src/syscalls.o
 .group         0x0000000000000000        0xc Src/syscalls.o
 .group         0x0000000000000000        0xc Src/syscalls.o
 .group         0x0000000000000000        0xc Src/syscalls.o
 .group         0x0000000000000000        0xc Src/syscalls.o
 .group         0x0000000000000000        0xc Src/syscalls.o
 .group         0x0000000000000000        0xc Src/syscalls.o
 .group         0x0000000000000000        0xc Src/syscalls.o
 .group         0x0000000000000000        0xc Src/syscalls.o
 .group         0x0000000000000000        0xc Src/syscalls.o
 .group         0x0000000000000000        0xc Src/syscalls.o
 .text          0x0000000000000000        0x0 Src/syscalls.o
 .data          0x0000000000000000        0x0 Src/syscalls.o
 .bss           0x0000000000000000        0x0 Src/syscalls.o
 .text.ITM_SendChar
                0x0000000000000000       0x4c Src/syscalls.o
 .bss.__env     0x0000000000000000        0x4 Src/syscalls.o
 .data.environ  0x0000000000000000        0x4 Src/syscalls.o
 .text.initialise_monitor_handles
                0x0000000000000000        0xc Src/syscalls.o
 .text._getpid  0x0000000000000000        0xe Src/syscalls.o
 .text._kill    0x0000000000000000       0x20 Src/syscalls.o
 .text._exit    0x0000000000000000       0x14 Src/syscalls.o
 .text._read    0x0000000000000000       0x3a Src/syscalls.o
 .text._write   0x0000000000000000       0x38 Src/syscalls.o
 .text._close   0x0000000000000000       0x16 Src/syscalls.o
 .text._fstat   0x0000000000000000       0x1e Src/syscalls.o
 .text._isatty  0x0000000000000000       0x14 Src/syscalls.o
 .text._lseek   0x0000000000000000       0x18 Src/syscalls.o
 .text._open    0x0000000000000000       0x1a Src/syscalls.o
 .text._wait    0x0000000000000000       0x1e Src/syscalls.o
 .text._unlink  0x0000000000000000       0x1e Src/syscalls.o
 .text._times   0x0000000000000000       0x16 Src/syscalls.o
 .text._stat    0x0000000000000000       0x1e Src/syscalls.o
 .text._link    0x0000000000000000       0x20 Src/syscalls.o
 .text._fork    0x0000000000000000       0x16 Src/syscalls.o
 .text._execve  0x0000000000000000       0x22 Src/syscalls.o
 .debug_info    0x0000000000000000      0xfed Src/syscalls.o
 .debug_abbrev  0x0000000000000000      0x2a0 Src/syscalls.o
 .debug_aranges
                0x0000000000000000       0xb0 Src/syscalls.o
 .debug_ranges  0x0000000000000000       0xa0 Src/syscalls.o
 .debug_macro   0x0000000000000000      0x25e Src/syscalls.o
 .debug_macro   0x0000000000000000      0xaa8 Src/syscalls.o
 .debug_macro   0x0000000000000000       0x22 Src/syscalls.o
 .debug_macro   0x0000000000000000       0x4c Src/syscalls.o
 .debug_macro   0x0000000000000000       0x18 Src/syscalls.o
 .debug_macro   0x0000000000000000       0x94 Src/syscalls.o
 .debug_macro   0x0000000000000000       0x3c Src/syscalls.o
 .debug_macro   0x0000000000000000       0x34 Src/syscalls.o
 .debug_macro   0x0000000000000000       0x57 Src/syscalls.o
 .debug_macro   0x0000000000000000      0x174 Src/syscalls.o
 .debug_macro   0x0000000000000000      0x339 Src/syscalls.o
 .debug_macro   0x0000000000000000       0x16 Src/syscalls.o
 .debug_macro   0x0000000000000000       0x43 Src/syscalls.o
 .debug_macro   0x0000000000000000       0x34 Src/syscalls.o
 .debug_macro   0x0000000000000000       0x10 Src/syscalls.o
 .debug_macro   0x0000000000000000       0x58 Src/syscalls.o
 .debug_macro   0x0000000000000000       0x71 Src/syscalls.o
 .debug_macro   0x0000000000000000       0x1c Src/syscalls.o
 .debug_macro   0x0000000000000000      0x12a Src/syscalls.o
 .debug_macro   0x0000000000000000       0x10 Src/syscalls.o
 .debug_macro   0x0000000000000000       0x35 Src/syscalls.o
 .debug_macro   0x0000000000000000       0x10 Src/syscalls.o
 .debug_macro   0x0000000000000000       0x10 Src/syscalls.o
 .debug_macro   0x0000000000000000       0x10 Src/syscalls.o
 .debug_macro   0x0000000000000000       0x6a Src/syscalls.o
 .debug_macro   0x0000000000000000       0x1c Src/syscalls.o
 .debug_macro   0x0000000000000000       0x52 Src/syscalls.o
 .debug_macro   0x0000000000000000       0x22 Src/syscalls.o
 .debug_macro   0x0000000000000000       0x10 Src/syscalls.o
 .debug_macro   0x0000000000000000       0x40 Src/syscalls.o
 .debug_macro   0x0000000000000000       0xd5 Src/syscalls.o
 .debug_macro   0x0000000000000000       0x1c Src/syscalls.o
 .debug_macro   0x0000000000000000       0x3d Src/syscalls.o
 .debug_macro   0x0000000000000000       0x35 Src/syscalls.o
 .debug_macro   0x0000000000000000      0x12c Src/syscalls.o
 .debug_macro   0x0000000000000000       0x16 Src/syscalls.o
 .debug_macro   0x0000000000000000       0x16 Src/syscalls.o
 .debug_macro   0x0000000000000000       0x29 Src/syscalls.o
 .debug_macro   0x0000000000000000       0x10 Src/syscalls.o
 .debug_macro   0x0000000000000000      0x241 Src/syscalls.o
 .debug_macro   0x0000000000000000       0x1c Src/syscalls.o
 .debug_macro   0x0000000000000000       0x10 Src/syscalls.o
 .debug_macro   0x0000000000000000       0x10 Src/syscalls.o
 .debug_macro   0x0000000000000000       0x16 Src/syscalls.o
 .debug_macro   0x0000000000000000      0x145 Src/syscalls.o
 .debug_macro   0x0000000000000000      0x189 Src/syscalls.o
 .debug_macro   0x0000000000000000       0x16 Src/syscalls.o
 .debug_macro   0x0000000000000000       0xce Src/syscalls.o
 .debug_line    0x0000000000000000      0x805 Src/syscalls.o
 .debug_str     0x0000000000000000     0x8f89 Src/syscalls.o
 .comment       0x0000000000000000       0x54 Src/syscalls.o
 .debug_frame   0x0000000000000000      0x2d4 Src/syscalls.o
 .ARM.attributes
                0x0000000000000000       0x2e Src/syscalls.o
 .group         0x0000000000000000        0xc Src/sysmem.o
 .group         0x0000000000000000        0xc Src/sysmem.o
 .group         0x0000000000000000        0xc Src/sysmem.o
 .group         0x0000000000000000        0xc Src/sysmem.o
 .group         0x0000000000000000        0xc Src/sysmem.o
 .group         0x0000000000000000        0xc Src/sysmem.o
 .group         0x0000000000000000        0xc Src/sysmem.o
 .group         0x0000000000000000        0xc Src/sysmem.o
 .group         0x0000000000000000        0xc Src/sysmem.o
 .group         0x0000000000000000        0xc Src/sysmem.o
 .group         0x0000000000000000        0xc Src/sysmem.o
 .group         0x0000000000000000        0xc Src/sysmem.o
 .group         0x0000000000000000        0xc Src/sysmem.o
 .group         0x0000000000000000        0xc Src/sysmem.o
 .group         0x0000000000000000        0xc Src/sysmem.o
 .group         0x0000000000000000        0xc Src/sysmem.o
 .group         0x0000000000000000        0xc Src/sysmem.o
 .group         0x0000000000000000        0xc Src/sysmem.o
 .group         0x0000000000000000        0xc Src/sysmem.o
 .group         0x0000000000000000        0xc Src/sysmem.o
 .group         0x0000000000000000        0xc Src/sysmem.o
 .group         0x0000000000000000        0xc Src/sysmem.o
 .text          0x0000000000000000        0x0 Src/sysmem.o
 .data          0x0000000000000000        0x0 Src/sysmem.o
 .bss           0x0000000000000000        0x0 Src/sysmem.o
 .bss.__sbrk_heap_end
                0x0000000000000000        0x4 Src/sysmem.o
 .text._sbrk    0x0000000000000000       0x6c Src/sysmem.o
 .debug_info    0x0000000000000000      0xa25 Src/sysmem.o
 .debug_abbrev  0x0000000000000000      0x1bf Src/sysmem.o
 .debug_aranges
                0x0000000000000000       0x20 Src/sysmem.o
 .debug_ranges  0x0000000000000000       0x10 Src/sysmem.o
 .debug_macro   0x0000000000000000       0xff Src/sysmem.o
 .debug_macro   0x0000000000000000      0xaa8 Src/sysmem.o
 .debug_macro   0x0000000000000000       0x10 Src/sysmem.o
 .debug_macro   0x0000000000000000       0x22 Src/sysmem.o
 .debug_macro   0x0000000000000000       0x4c Src/sysmem.o
 .debug_macro   0x0000000000000000       0x18 Src/sysmem.o
 .debug_macro   0x0000000000000000       0x94 Src/sysmem.o
 .debug_macro   0x0000000000000000       0x3c Src/sysmem.o
 .debug_macro   0x0000000000000000       0x34 Src/sysmem.o
 .debug_macro   0x0000000000000000      0x174 Src/sysmem.o
 .debug_macro   0x0000000000000000       0x16 Src/sysmem.o
 .debug_macro   0x0000000000000000       0x43 Src/sysmem.o
 .debug_macro   0x0000000000000000       0x57 Src/sysmem.o
 .debug_macro   0x0000000000000000       0x34 Src/sysmem.o
 .debug_macro   0x0000000000000000       0x10 Src/sysmem.o
 .debug_macro   0x0000000000000000       0x58 Src/sysmem.o
 .debug_macro   0x0000000000000000       0x71 Src/sysmem.o
 .debug_macro   0x0000000000000000       0x1c Src/sysmem.o
 .debug_macro   0x0000000000000000      0x12a Src/sysmem.o
 .debug_macro   0x0000000000000000      0x23b Src/sysmem.o
 .debug_macro   0x0000000000000000      0x103 Src/sysmem.o
 .debug_macro   0x0000000000000000       0x6a Src/sysmem.o
 .debug_macro   0x0000000000000000      0x1df Src/sysmem.o
 .debug_line    0x0000000000000000      0x4c6 Src/sysmem.o
 .debug_str     0x0000000000000000     0x62a1 Src/sysmem.o
 .comment       0x0000000000000000       0x54 Src/sysmem.o
 .debug_frame   0x0000000000000000       0x34 Src/sysmem.o
 .ARM.attributes
                0x0000000000000000       0x2e Src/sysmem.o
 .text          0x0000000000000000       0x14 Startup/startup_stm32f407vgtx.o
 .data          0x0000000000000000        0x0 Startup/startup_stm32f407vgtx.o
 .bss           0x0000000000000000        0x0 Startup/startup_stm32f407vgtx.o
 .text          0x0000000000000000        0x0 /opt/st/stm32cubeide_1.6.1/plugins/com.st.stm32cube.ide.mcu.externaltools.gnu-tools-for-stm32.9-2020-q2-update.linux64_1.5.0.202011040924/tools/bin/../lib/gcc/arm-none-eabi/9.3.1/../../../../arm-none-eabi/lib/thumb/v7e-m/nofp/libc_nano.a(lib_a-errno.o)
 .data          0x0000000000000000        0x0 /opt/st/stm32cubeide_1.6.1/plugins/com.st.stm32cube.ide.mcu.externaltools.gnu-tools-for-stm32.9-2020-q2-update.linux64_1.5.0.202011040924/tools/bin/../lib/gcc/arm-none-eabi/9.3.1/../../../../arm-none-eabi/lib/thumb/v7e-m/nofp/libc_nano.a(lib_a-errno.o)
 .bss           0x0000000000000000        0x0 /opt/st/stm32cubeide_1.6.1/plugins/com.st.stm32cube.ide.mcu.externaltools.gnu-tools-for-stm32.9-2020-q2-update.linux64_1.5.0.202011040924/tools/bin/../lib/gcc/arm-none-eabi/9.3.1/../../../../arm-none-eabi/lib/thumb/v7e-m/nofp/libc_nano.a(lib_a-errno.o)
 .text.__errno  0x0000000000000000        0xc /opt/st/stm32cubeide_1.6.1/plugins/com.st.stm32cube.ide.mcu.externaltools.gnu-tools-for-stm32.9-2020-q2-update.linux64_1.5.0.202011040924/tools/bin/../lib/gcc/arm-none-eabi/9.3.1/../../../../arm-none-eabi/lib/thumb/v7e-m/nofp/libc_nano.a(lib_a-errno.o)
 .debug_frame   0x0000000000000000       0x20 /opt/st/stm32cubeide_1.6.1/plugins/com.st.stm32cube.ide.mcu.externaltools.gnu-tools-for-stm32.9-2020-q2-update.linux64_1.5.0.202011040924/tools/bin/../lib/gcc/arm-none-eabi/9.3.1/../../../../arm-none-eabi/lib/thumb/v7e-m/nofp/libc_nano.a(lib_a-errno.o)
 .ARM.attributes
                0x0000000000000000       0x2e /opt/st/stm32cubeide_1.6.1/plugins/com.st.stm32cube.ide.mcu.externaltools.gnu-tools-for-stm32.9-2020-q2-update.linux64_1.5.0.202011040924/tools/bin/../lib/gcc/arm-none-eabi/9.3.1/../../../../arm-none-eabi/lib/thumb/v7e-m/nofp/libc_nano.a(lib_a-errno.o)
 .text          0x0000000000000000        0x0 /opt/st/stm32cubeide_1.6.1/plugins/com.st.stm32cube.ide.mcu.externaltools.gnu-tools-for-stm32.9-2020-q2-update.linux64_1.5.0.202011040924/tools/bin/../lib/gcc/arm-none-eabi/9.3.1/../../../../arm-none-eabi/lib/thumb/v7e-m/nofp/libc_nano.a(lib_a-exit.o)
 .data          0x0000000000000000        0x0 /opt/st/stm32cubeide_1.6.1/plugins/com.st.stm32cube.ide.mcu.externaltools.gnu-tools-for-stm32.9-2020-q2-update.linux64_1.5.0.202011040924/tools/bin/../lib/gcc/arm-none-eabi/9.3.1/../../../../arm-none-eabi/lib/thumb/v7e-m/nofp/libc_nano.a(lib_a-exit.o)
 .bss           0x0000000000000000        0x0 /opt/st/stm32cubeide_1.6.1/plugins/com.st.stm32cube.ide.mcu.externaltools.gnu-tools-for-stm32.9-2020-q2-update.linux64_1.5.0.202011040924/tools/bin/../lib/gcc/arm-none-eabi/9.3.1/../../../../arm-none-eabi/lib/thumb/v7e-m/nofp/libc_nano.a(lib_a-exit.o)
 .text.exit     0x0000000000000000       0x28 /opt/st/stm32cubeide_1.6.1/plugins/com.st.stm32cube.ide.mcu.externaltools.gnu-tools-for-stm32.9-2020-q2-update.linux64_1.5.0.202011040924/tools/bin/../lib/gcc/arm-none-eabi/9.3.1/../../../../arm-none-eabi/lib/thumb/v7e-m/nofp/libc_nano.a(lib_a-exit.o)
 .debug_frame   0x0000000000000000       0x28 /opt/st/stm32cubeide_1.6.1/plugins/com.st.stm32cube.ide.mcu.externaltools.gnu-tools-for-stm32.9-2020-q2-update.linux64_1.5.0.202011040924/tools/bin/../lib/gcc/arm-none-eabi/9.3.1/../../../../arm-none-eabi/lib/thumb/v7e-m/nofp/libc_nano.a(lib_a-exit.o)
 .ARM.attributes
                0x0000000000000000       0x2e /opt/st/stm32cubeide_1.6.1/plugins/com.st.stm32cube.ide.mcu.externaltools.gnu-tools-for-stm32.9-2020-q2-update.linux64_1.5.0.202011040924/tools/bin/../lib/gcc/arm-none-eabi/9.3.1/../../../../arm-none-eabi/lib/thumb/v7e-m/nofp/libc_nano.a(lib_a-exit.o)
 .text          0x0000000000000000        0x0 /opt/st/stm32cubeide_1.6.1/plugins/com.st.stm32cube.ide.mcu.externaltools.gnu-tools-for-stm32.9-2020-q2-update.linux64_1.5.0.202011040924/tools/bin/../lib/gcc/arm-none-eabi/9.3.1/../../../../arm-none-eabi/lib/thumb/v7e-m/nofp/libc_nano.a(lib_a-impure.o)
 .data          0x0000000000000000        0x0 /opt/st/stm32cubeide_1.6.1/plugins/com.st.stm32cube.ide.mcu.externaltools.gnu-tools-for-stm32.9-2020-q2-update.linux64_1.5.0.202011040924/tools/bin/../lib/gcc/arm-none-eabi/9.3.1/../../../../arm-none-eabi/lib/thumb/v7e-m/nofp/libc_nano.a(lib_a-impure.o)
 .bss           0x0000000000000000        0x0 /opt/st/stm32cubeide_1.6.1/plugins/com.st.stm32cube.ide.mcu.externaltools.gnu-tools-for-stm32.9-2020-q2-update.linux64_1.5.0.202011040924/tools/bin/../lib/gcc/arm-none-eabi/9.3.1/../../../../arm-none-eabi/lib/thumb/v7e-m/nofp/libc_nano.a(lib_a-impure.o)
 .data._impure_ptr
                0x0000000000000000        0x4 /opt/st/stm32cubeide_1.6.1/plugins/com.st.stm32cube.ide.mcu.externaltools.gnu-tools-for-stm32.9-2020-q2-update.linux64_1.5.0.202011040924/tools/bin/../lib/gcc/arm-none-eabi/9.3.1/../../../../arm-none-eabi/lib/thumb/v7e-m/nofp/libc_nano.a(lib_a-impure.o)
 .data.impure_data
                0x0000000000000000       0x60 /opt/st/stm32cubeide_1.6.1/plugins/com.st.stm32cube.ide.mcu.externaltools.gnu-tools-for-stm32.9-2020-q2-update.linux64_1.5.0.202011040924/tools/bin/../lib/gcc/arm-none-eabi/9.3.1/../../../../arm-none-eabi/lib/thumb/v7e-m/nofp/libc_nano.a(lib_a-impure.o)
 .rodata._global_impure_ptr
                0x0000000000000000        0x4 /opt/st/stm32cubeide_1.6.1/plugins/com.st.stm32cube.ide.mcu.externaltools.gnu-tools-for-stm32.9-2020-q2-update.linux64_1.5.0.202011040924/tools/bin/../lib/gcc/arm-none-eabi/9.3.1/../../../../arm-none-eabi/lib/thumb/v7e-m/nofp/libc_nano.a(lib_a-impure.o)
 .ARM.attributes
                0x0000000000000000       0x2e /opt/st/stm32cubeide_1.6.1/plugins/com.st.stm32cube.ide.mcu.externaltools.gnu-tools-for-stm32.9-2020-q2-update.linux64_1.5.0.202011040924/tools/bin/../lib/gcc/arm-none-eabi/9.3.1/../../../../arm-none-eabi/lib/thumb/v7e-m/nofp/libc_nano.a(lib_a-impure.o)
 .text          0x0000000000000000        0x0 /opt/st/stm32cubeide_1.6.1/plugins/com.st.stm32cube.ide.mcu.externaltools.gnu-tools-for-stm32.9-2020-q2-update.linux64_1.5.0.202011040924/tools/bin/../lib/gcc/arm-none-eabi/9.3.1/../../../../arm-none-eabi/lib/thumb/v7e-m/nofp/libc_nano.a(lib_a-init.o)
 .data          0x0000000000000000        0x0 /opt/st/stm32cubeide_1.6.1/plugins/com.st.stm32cube.ide.mcu.externaltools.gnu-tools-for-stm32.9-2020-q2-update.linux64_1.5.0.202011040924/tools/bin/../lib/gcc/arm-none-eabi/9.3.1/../../../../arm-none-eabi/lib/thumb/v7e-m/nofp/libc_nano.a(lib_a-init.o)
 .bss           0x0000000000000000        0x0 /opt/st/stm32cubeide_1.6.1/plugins/com.st.stm32cube.ide.mcu.externaltools.gnu-tools-for-stm32.9-2020-q2-update.linux64_1.5.0.202011040924/tools/bin/../lib/gcc/arm-none-eabi/9.3.1/../../../../arm-none-eabi/lib/thumb/v7e-m/nofp/libc_nano.a(lib_a-init.o)
 .text          0x0000000000000000        0x0 /opt/st/stm32cubeide_1.6.1/plugins/com.st.stm32cube.ide.mcu.externaltools.gnu-tools-for-stm32.9-2020-q2-update.linux64_1.5.0.202011040924/tools/bin/../lib/gcc/arm-none-eabi/9.3.1/../../../../arm-none-eabi/lib/thumb/v7e-m/nofp/libc_nano.a(lib_a-memset.o)
 .data          0x0000000000000000        0x0 /opt/st/stm32cubeide_1.6.1/plugins/com.st.stm32cube.ide.mcu.externaltools.gnu-tools-for-stm32.9-2020-q2-update.linux64_1.5.0.202011040924/tools/bin/../lib/gcc/arm-none-eabi/9.3.1/../../../../arm-none-eabi/lib/thumb/v7e-m/nofp/libc_nano.a(lib_a-memset.o)
 .bss           0x0000000000000000        0x0 /opt/st/stm32cubeide_1.6.1/plugins/com.st.stm32cube.ide.mcu.externaltools.gnu-tools-for-stm32.9-2020-q2-update.linux64_1.5.0.202011040924/tools/bin/../lib/gcc/arm-none-eabi/9.3.1/../../../../arm-none-eabi/lib/thumb/v7e-m/nofp/libc_nano.a(lib_a-memset.o)
 .text.memset   0x0000000000000000       0x10 /opt/st/stm32cubeide_1.6.1/plugins/com.st.stm32cube.ide.mcu.externaltools.gnu-tools-for-stm32.9-2020-q2-update.linux64_1.5.0.202011040924/tools/bin/../lib/gcc/arm-none-eabi/9.3.1/../../../../arm-none-eabi/lib/thumb/v7e-m/nofp/libc_nano.a(lib_a-memset.o)
 .debug_frame   0x0000000000000000       0x20 /opt/st/stm32cubeide_1.6.1/plugins/com.st.stm32cube.ide.mcu.externaltools.gnu-tools-for-stm32.9-2020-q2-update.linux64_1.5.0.202011040924/tools/bin/../lib/gcc/arm-none-eabi/9.3.1/../../../../arm-none-eabi/lib/thumb/v7e-m/nofp/libc_nano.a(lib_a-memset.o)
 .ARM.attributes
                0x0000000000000000       0x2e /opt/st/stm32cubeide_1.6.1/plugins/com.st.stm32cube.ide.mcu.externaltools.gnu-tools-for-stm32.9-2020-q2-update.linux64_1.5.0.202011040924/tools/bin/../lib/gcc/arm-none-eabi/9.3.1/../../../../arm-none-eabi/lib/thumb/v7e-m/nofp/libc_nano.a(lib_a-memset.o)
 .data          0x0000000000000000        0x0 /opt/st/stm32cubeide_1.6.1/plugins/com.st.stm32cube.ide.mcu.externaltools.gnu-tools-for-stm32.9-2020-q2-update.linux64_1.5.0.202011040924/tools/bin/../lib/gcc/arm-none-eabi/9.3.1/../../../../arm-none-eabi/lib/thumb/v7e-m/nofp/libc_nano.a(lib_a-strlen.o)
 .bss           0x0000000000000000        0x0 /opt/st/stm32cubeide_1.6.1/plugins/com.st.stm32cube.ide.mcu.externaltools.gnu-tools-for-stm32.9-2020-q2-update.linux64_1.5.0.202011040924/tools/bin/../lib/gcc/arm-none-eabi/9.3.1/../../../../arm-none-eabi/lib/thumb/v7e-m/nofp/libc_nano.a(lib_a-strlen.o)
 .text          0x0000000000000000        0x0 /opt/st/stm32cubeide_1.6.1/plugins/com.st.stm32cube.ide.mcu.externaltools.gnu-tools-for-stm32.9-2020-q2-update.linux64_1.5.0.202011040924/tools/bin/../lib/gcc/arm-none-eabi/9.3.1/thumb/v7e-m/nofp/crtend.o
 .data          0x0000000000000000        0x0 /opt/st/stm32cubeide_1.6.1/plugins/com.st.stm32cube.ide.mcu.externaltools.gnu-tools-for-stm32.9-2020-q2-update.linux64_1.5.0.202011040924/tools/bin/../lib/gcc/arm-none-eabi/9.3.1/thumb/v7e-m/nofp/crtend.o
 .bss           0x0000000000000000        0x0 /opt/st/stm32cubeide_1.6.1/plugins/com.st.stm32cube.ide.mcu.externaltools.gnu-tools-for-stm32.9-2020-q2-update.linux64_1.5.0.202011040924/tools/bin/../lib/gcc/arm-none-eabi/9.3.1/thumb/v7e-m/nofp/crtend.o
 .eh_frame      0x0000000000000000        0x4 /opt/st/stm32cubeide_1.6.1/plugins/com.st.stm32cube.ide.mcu.externaltools.gnu-tools-for-stm32.9-2020-q2-update.linux64_1.5.0.202011040924/tools/bin/../lib/gcc/arm-none-eabi/9.3.1/thumb/v7e-m/nofp/crtend.o
 .ARM.attributes
                0x0000000000000000       0x2e /opt/st/stm32cubeide_1.6.1/plugins/com.st.stm32cube.ide.mcu.externaltools.gnu-tools-for-stm32.9-2020-q2-update.linux64_1.5.0.202011040924/tools/bin/../lib/gcc/arm-none-eabi/9.3.1/thumb/v7e-m/nofp/crtend.o
 .text          0x0000000000000000        0x0 /opt/st/stm32cubeide_1.6.1/plugins/com.st.stm32cube.ide.mcu.externaltools.gnu-tools-for-stm32.9-2020-q2-update.linux64_1.5.0.202011040924/tools/bin/../lib/gcc/arm-none-eabi/9.3.1/thumb/v7e-m/nofp/crtn.o
 .data          0x0000000000000000        0x0 /opt/st/stm32cubeide_1.6.1/plugins/com.st.stm32cube.ide.mcu.externaltools.gnu-tools-for-stm32.9-2020-q2-update.linux64_1.5.0.202011040924/tools/bin/../lib/gcc/arm-none-eabi/9.3.1/thumb/v7e-m/nofp/crtn.o
 .bss           0x0000000000000000        0x0 /opt/st/stm32cubeide_1.6.1/plugins/com.st.stm32cube.ide.mcu.externaltools.gnu-tools-for-stm32.9-2020-q2-update.linux64_1.5.0.202011040924/tools/bin/../lib/gcc/arm-none-eabi/9.3.1/thumb/v7e-m/nofp/crtn.o

Memory Configuration

Name             Origin             Length             Attributes
RAM              0x0000000020000000 0x0000000000020000 xrw
FLASH            0x0000000008000000 0x0000000000100000 xr
*default*        0x0000000000000000 0xffffffffffffffff

Linker script and memory map

LOAD /opt/st/stm32cubeide_1.6.1/plugins/com.st.stm32cube.ide.mcu.externaltools.gnu-tools-for-stm32.9-2020-q2-update.linux64_1.5.0.202011040924/tools/bin/../lib/gcc/arm-none-eabi/9.3.1/thumb/v7e-m/nofp/crti.o
LOAD /opt/st/stm32cubeide_1.6.1/plugins/com.st.stm32cube.ide.mcu.externaltools.gnu-tools-for-stm32.9-2020-q2-update.linux64_1.5.0.202011040924/tools/bin/../lib/gcc/arm-none-eabi/9.3.1/thumb/v7e-m/nofp/crtbegin.o
LOAD /opt/st/stm32cubeide_1.6.1/plugins/com.st.stm32cube.ide.mcu.externaltools.gnu-tools-for-stm32.9-2020-q2-update.linux64_1.5.0.202011040924/tools/bin/../lib/gcc/arm-none-eabi/9.3.1/../../../../arm-none-eabi/lib/thumb/v7e-m/nofp/crt0.o
LOAD Drivers/Src/stm32f407vg_gpio_driver.o
LOAD Drivers/Src/stm32f407vg_i2c_driver.o
LOAD Drivers/Src/stm32f407vg_spi_driver.o
LOAD Src/I2C_MasterTx.o
LOAD Src/syscalls.o
LOAD Src/sysmem.o
LOAD Startup/startup_stm32f407vgtx.o
START GROUP
LOAD /opt/st/stm32cubeide_1.6.1/plugins/com.st.stm32cube.ide.mcu.externaltools.gnu-tools-for-stm32.9-2020-q2-update.linux64_1.5.0.202011040924/tools/bin/../lib/gcc/arm-none-eabi/9.3.1/../../../../arm-none-eabi/lib/thumb/v7e-m/nofp/libc_nano.a
LOAD /opt/st/stm32cubeide_1.6.1/plugins/com.st.stm32cube.ide.mcu.externaltools.gnu-tools-for-stm32.9-2020-q2-update.linux64_1.5.0.202011040924/tools/bin/../lib/gcc/arm-none-eabi/9.3.1/../../../../arm-none-eabi/lib/thumb/v7e-m/nofp/libm.a
END GROUP
START GROUP
LOAD /opt/st/stm32cubeide_1.6.1/plugins/com.st.stm32cube.ide.mcu.externaltools.gnu-tools-for-stm32.9-2020-q2-update.linux64_1.5.0.202011040924/tools/bin/../lib/gcc/arm-none-eabi/9.3.1/thumb/v7e-m/nofp/libgcc.a
LOAD /opt/st/stm32cubeide_1.6.1/plugins/com.st.stm32cube.ide.mcu.externaltools.gnu-tools-for-stm32.9-2020-q2-update.linux64_1.5.0.202011040924/tools/bin/../lib/gcc/arm-none-eabi/9.3.1/../../../../arm-none-eabi/lib/thumb/v7e-m/nofp/libc_nano.a
END GROUP
START GROUP
LOAD /opt/st/stm32cubeide_1.6.1/plugins/com.st.stm32cube.ide.mcu.externaltools.gnu-tools-for-stm32.9-2020-q2-update.linux64_1.5.0.202011040924/tools/bin/../lib/gcc/arm-none-eabi/9.3.1/thumb/v7e-m/nofp/libgcc.a
LOAD /opt/st/stm32cubeide_1.6.1/plugins/com.st.stm32cube.ide.mcu.externaltools.gnu-tools-for-stm32.9-2020-q2-update.linux64_1.5.0.202011040924/tools/bin/../lib/gcc/arm-none-eabi/9.3.1/../../../../arm-none-eabi/lib/thumb/v7e-m/nofp/libc_nano.a
LOAD /opt/st/stm32cubeide_1.6.1/plugins/com.st.stm32cube.ide.mcu.externaltools.gnu-tools-for-stm32.9-2020-q2-update.linux64_1.5.0.202011040924/tools/bin/../lib/gcc/arm-none-eabi/9.3.1/../../../../arm-none-eabi/lib/thumb/v7e-m/nofp/libnosys.a
END GROUP
START GROUP
LOAD /opt/st/stm32cubeide_1.6.1/plugins/com.st.stm32cube.ide.mcu.externaltools.gnu-tools-for-stm32.9-2020-q2-update.linux64_1.5.0.202011040924/tools/bin/../lib/gcc/arm-none-eabi/9.3.1/thumb/v7e-m/nofp/libgcc.a
LOAD /opt/st/stm32cubeide_1.6.1/plugins/com.st.stm32cube.ide.mcu.externaltools.gnu-tools-for-stm32.9-2020-q2-update.linux64_1.5.0.202011040924/tools/bin/../lib/gcc/arm-none-eabi/9.3.1/../../../../arm-none-eabi/lib/thumb/v7e-m/nofp/libc_nano.a
LOAD /opt/st/stm32cubeide_1.6.1/plugins/com.st.stm32cube.ide.mcu.externaltools.gnu-tools-for-stm32.9-2020-q2-update.linux64_1.5.0.202011040924/tools/bin/../lib/gcc/arm-none-eabi/9.3.1/../../../../arm-none-eabi/lib/thumb/v7e-m/nofp/libnosys.a
END GROUP
LOAD /opt/st/stm32cubeide_1.6.1/plugins/com.st.stm32cube.ide.mcu.externaltools.gnu-tools-for-stm32.9-2020-q2-update.linux64_1.5.0.202011040924/tools/bin/../lib/gcc/arm-none-eabi/9.3.1/thumb/v7e-m/nofp/crtend.o
LOAD /opt/st/stm32cubeide_1.6.1/plugins/com.st.stm32cube.ide.mcu.externaltools.gnu-tools-for-stm32.9-2020-q2-update.linux64_1.5.0.202011040924/tools/bin/../lib/gcc/arm-none-eabi/9.3.1/thumb/v7e-m/nofp/crtn.o
                0x0000000020020000                _estack = (ORIGIN (RAM) + LENGTH (RAM))
                0x0000000000000200                _Min_Heap_Size = 0x200
                0x0000000000000400                _Min_Stack_Size = 0x400

.isr_vector     0x0000000008000000      0x1a8
                0x0000000008000000                . = ALIGN (0x4)
 *(.isr_vector)
 .isr_vector    0x0000000008000000      0x1a8 Startup/startup_stm32f407vgtx.o
                0x0000000008000000                g_pfnVectors
                0x00000000080001a8                . = ALIGN (0x4)

.text           0x00000000080001a8      0xac4
                0x00000000080001a8                . = ALIGN (0x4)
 *(.text)
 .text          0x00000000080001a8       0x40 /opt/st/stm32cubeide_1.6.1/plugins/com.st.stm32cube.ide.mcu.externaltools.gnu-tools-for-stm32.9-2020-q2-update.linux64_1.5.0.202011040924/tools/bin/../lib/gcc/arm-none-eabi/9.3.1/thumb/v7e-m/nofp/crtbegin.o
 .text          0x00000000080001e8       0x10 /opt/st/stm32cubeide_1.6.1/plugins/com.st.stm32cube.ide.mcu.externaltools.gnu-tools-for-stm32.9-2020-q2-update.linux64_1.5.0.202011040924/tools/bin/../lib/gcc/arm-none-eabi/9.3.1/../../../../arm-none-eabi/lib/thumb/v7e-m/nofp/libc_nano.a(lib_a-strlen.o)
                0x00000000080001e8                strlen
 *(.text*)
 .text.GPIO_Init
                0x00000000080001f8      0x37c Drivers/Src/stm32f407vg_gpio_driver.o
                0x00000000080001f8                GPIO_Init
 .text.GPIO_IRQConfig
                0x0000000008000574      0x148 Drivers/Src/stm32f407vg_gpio_driver.o
                0x0000000008000574                GPIO_IRQConfig
 .text.GPIO_IRQHandling
                0x00000000080006bc       0x40 Drivers/Src/stm32f407vg_gpio_driver.o
                0x00000000080006bc                GPIO_IRQHandling
 .text.Get_RCC_PLL_Clk
                0x00000000080006fc       0x16 Drivers/Src/stm32f407vg_i2c_driver.o
                0x00000000080006fc                Get_RCC_PLL_Clk
 *fill*         0x0000000008000712        0x2 
 .text.RCC_GetPClk1Value
                0x0000000008000714       0xac Drivers/Src/stm32f407vg_i2c_driver.o
                0x0000000008000714                RCC_GetPClk1Value
 .text.I2C_PeriClockControl
                0x00000000080007c0       0xb0 Drivers/Src/stm32f407vg_i2c_driver.o
                0x00000000080007c0                I2C_PeriClockControl
 .text.I2C_Init
                0x0000000008000870      0x168 Drivers/Src/stm32f407vg_i2c_driver.o
                0x0000000008000870                I2C_Init
 .text.I2CMaster_SendData
                0x00000000080009d8       0xb8 Drivers/Src/stm32f407vg_i2c_driver.o
                0x00000000080009d8                I2CMaster_SendData
 .text.delay    0x0000000008000a90       0x28 Src/I2C_MasterTx.o
                0x0000000008000a90                delay
 .text.main     0x0000000008000ab8       0x9c Src/I2C_MasterTx.o
                0x0000000008000ab8                main
 .text.EXTI0_IRQHandler
                0x0000000008000b54       0x64 Src/I2C_MasterTx.o
                0x0000000008000b54                EXTI0_IRQHandler
 .text.Reset_Handler
                0x0000000008000bb8       0x50 Startup/startup_stm32f407vgtx.o
                0x0000000008000bb8                Reset_Handler
 .text.Default_Handler
                0x0000000008000c08        0x2 Startup/startup_stm32f407vgtx.o
                0x0000000008000c08                RTC_Alarm_IRQHandler
                0x0000000008000c08                HASH_RNG_IRQHandler
                0x0000000008000c08                EXTI2_IRQHandler
                0x0000000008000c08                TIM8_CC_IRQHandler
                0x0000000008000c08                DebugMon_Handler
                0x0000000008000c08                TIM1_CC_IRQHandler
                0x0000000008000c08                DMA2_Stream5_IRQHandler
                0x0000000008000c08                HardFault_Handler
                0x0000000008000c08                DMA1_Stream5_IRQHandler
                0x0000000008000c08                SysTick_Handler
                0x0000000008000c08                PVD_IRQHandler
                0x0000000008000c08                SDIO_IRQHandler
                0x0000000008000c08                TAMP_STAMP_IRQHandler
                0x0000000008000c08                PendSV_Handler
                0x0000000008000c08                NMI_Handler
                0x0000000008000c08                CAN2_RX1_IRQHandler
                0x0000000008000c08                EXTI3_IRQHandler
                0x0000000008000c08                TIM8_TRG_COM_TIM14_IRQHandler
                0x0000000008000c08                TIM1_UP_TIM10_IRQHandler
                0x0000000008000c08                TIM8_UP_TIM13_IRQHandler
                0x0000000008000c08                I2C3_ER_IRQHandler
                0x0000000008000c08                LCD_TFT_IRQHandler
                0x0000000008000c08                I2C2_EV_IRQHandler
                0x0000000008000c08                DMA1_Stream2_IRQHandler
                0x0000000008000c08                CAN1_RX0_IRQHandler
                0x0000000008000c08                FPU_IRQHandler
                0x0000000008000c08                OTG_HS_WKUP_IRQHandler
                0x0000000008000c08                UsageFault_Handler
                0x0000000008000c08                CAN2_SCE_IRQHandler
                0x0000000008000c08                DMA2_Stream2_IRQHandler
                0x0000000008000c08                SPI1_IRQHandler
                0x0000000008000c08                TIM6_DAC_IRQHandler
                0x0000000008000c08                TIM1_BRK_TIM9_IRQHandler
                0x0000000008000c08                DCMI_IRQHandler
                0x0000000008000c08                CAN2_RX0_IRQHandler
                0x0000000008000c08                DMA2_Stream3_IRQHandler
                0x0000000008000c08                USART6_IRQHandler
                0x0000000008000c08                USART3_IRQHandler
                0x0000000008000c08                CRYP_IRQHandler
                0x0000000008000c08                CAN1_RX1_IRQHandler
                0x0000000008000c08                UART5_IRQHandler
                0x0000000008000c08                DMA2_Stream0_IRQHandler
                0x0000000008000c08                TIM4_IRQHandler
                0x0000000008000c08                I2C1_EV_IRQHandler
                0x0000000008000c08                DMA1_Stream6_IRQHandler
                0x0000000008000c08                DMA1_Stream1_IRQHandler
                0x0000000008000c08                UART4_IRQHandler
                0x0000000008000c08                LCD_TFT_1_IRQHandler
                0x0000000008000c08                TIM3_IRQHandler
                0x0000000008000c08                RCC_IRQHandler
                0x0000000008000c08                TIM8_BRK_TIM12_IRQHandler
                0x0000000008000c08                Default_Handler
                0x0000000008000c08                EXTI15_10_IRQHandler
                0x0000000008000c08                ADC_IRQHandler
                0x0000000008000c08                DMA1_Stream7_IRQHandler
                0x0000000008000c08                TIM7_IRQHandler
                0x0000000008000c08                CAN2_TX_IRQHandler
                0x0000000008000c08                TIM5_IRQHandler
                0x0000000008000c08                DMA2_Stream7_IRQHandler
                0x0000000008000c08                I2C3_EV_IRQHandler
                0x0000000008000c08                EXTI9_5_IRQHandler
                0x0000000008000c08                RTC_WKUP_IRQHandler
                0x0000000008000c08                ETH_WKUP_IRQHandler
                0x0000000008000c08                SPI2_IRQHandler
                0x0000000008000c08                OTG_HS_EP1_IN_IRQHandler
                0x0000000008000c08                MemManage_Handler
                0x0000000008000c08                DMA1_Stream0_IRQHandler
                0x0000000008000c08                CAN1_TX_IRQHandler
                0x0000000008000c08                SVC_Handler
                0x0000000008000c08                EXTI4_IRQHandler
                0x0000000008000c08                FSMC_IRQHandler
                0x0000000008000c08                ETH_IRQHandler
                0x0000000008000c08                OTG_HS_EP1_OUT_IRQHandler
                0x0000000008000c08                WWDG_IRQHandler
                0x0000000008000c08                TIM2_IRQHandler
                0x0000000008000c08                OTG_FS_WKUP_IRQHandler
                0x0000000008000c08                TIM1_TRG_COM_TIM11_IRQHandler
                0x0000000008000c08                OTG_HS_IRQHandler
                0x0000000008000c08                EXTI1_IRQHandler
                0x0000000008000c08                USART2_IRQHandler
                0x0000000008000c08                I2C2_ER_IRQHandler
                0x0000000008000c08                DMA2_Stream1_IRQHandler
                0x0000000008000c08                CAN1_SCE_IRQHandler
                0x0000000008000c08                DMA2_Stream4_IRQHandler
                0x0000000008000c08                BusFault_Handler
                0x0000000008000c08                USART1_IRQHandler
                0x0000000008000c08                OTG_FS_IRQHandler
                0x0000000008000c08                SPI3_IRQHandler
                0x0000000008000c08                DMA1_Stream4_IRQHandler
                0x0000000008000c08                I2C1_ER_IRQHandler
                0x0000000008000c08                DMA2_Stream6_IRQHandler
                0x0000000008000c08                DMA1_Stream3_IRQHandler
 *fill*         0x0000000008000c0a        0x2 
 .text.__libc_init_array
                0x0000000008000c0c       0x48 /opt/st/stm32cubeide_1.6.1/plugins/com.st.stm32cube.ide.mcu.externaltools.gnu-tools-for-stm32.9-2020-q2-update.linux64_1.5.0.202011040924/tools/bin/../lib/gcc/arm-none-eabi/9.3.1/../../../../arm-none-eabi/lib/thumb/v7e-m/nofp/libc_nano.a(lib_a-init.o)
                0x0000000008000c0c                __libc_init_array
 *(.glue_7)
 .glue_7        0x0000000008000c54        0x0 linker stubs
 *(.glue_7t)
 .glue_7t       0x0000000008000c54        0x0 linker stubs
 *(.eh_frame)
 .eh_frame      0x0000000008000c54        0x0 /opt/st/stm32cubeide_1.6.1/plugins/com.st.stm32cube.ide.mcu.externaltools.gnu-tools-for-stm32.9-2020-q2-update.linux64_1.5.0.202011040924/tools/bin/../lib/gcc/arm-none-eabi/9.3.1/thumb/v7e-m/nofp/crtbegin.o
 *(.init)
 .init          0x0000000008000c54        0x4 /opt/st/stm32cubeide_1.6.1/plugins/com.st.stm32cube.ide.mcu.externaltools.gnu-tools-for-stm32.9-2020-q2-update.linux64_1.5.0.202011040924/tools/bin/../lib/gcc/arm-none-eabi/9.3.1/thumb/v7e-m/nofp/crti.o
                0x0000000008000c54                _init
 .init          0x0000000008000c58        0x8 /opt/st/stm32cubeide_1.6.1/plugins/com.st.stm32cube.ide.mcu.externaltools.gnu-tools-for-stm32.9-2020-q2-update.linux64_1.5.0.202011040924/tools/bin/../lib/gcc/arm-none-eabi/9.3.1/thumb/v7e-m/nofp/crtn.o
 *(.fini)
 .fini          0x0000000008000c60        0x4 /opt/st/stm32cubeide_1.6.1/plugins/com.st.stm32cube.ide.mcu.externaltools.gnu-tools-for-stm32.9-2020-q2-update.linux64_1.5.0.202011040924/tools/bin/../lib/gcc/arm-none-eabi/9.3.1/thumb/v7e-m/nofp/crti.o
                0x0000000008000c60                _fini
 .fini          0x0000000008000c64        0x8 /opt/st/stm32cubeide_1.6.1/plugins/com.st.stm32cube.ide.mcu.externaltools.gnu-tools-for-stm32.9-2020-q2-update.linux64_1.5.0.202011040924/tools/bin/../lib/gcc/arm-none-eabi/9.3.1/thumb/v7e-m/nofp/crtn.o
                0x0000000008000c6c                . = ALIGN (0x4)
                0x0000000008000c6c                _etext = .

.vfp11_veneer   0x0000000008000c6c        0x0
 .vfp11_veneer  0x0000000008000c6c        0x0 linker stubs

.v4_bx          0x0000000008000c6c        0x0
 .v4_bx         0x0000000008000c6c        0x0 linker stubs

.iplt           0x0000000008000c6c        0x0
 .iplt          0x0000000008000c6c        0x0 /opt/st/stm32cubeide_1.6.1/plugins/com.st.stm32cube.ide.mcu.externaltools.gnu-tools-for-stm32.9-2020-q2-update.linux64_1.5.0.202011040924/tools/bin/../lib/gcc/arm-none-eabi/9.3.1/thumb/v7e-m/nofp/crtbegin.o

.rel.dyn        0x0000000008000c6c        0x0
 .rel.iplt      0x0000000008000c6c        0x0 /opt/st/stm32cubeide_1.6.1/plugins/com.st.stm32cube.ide.mcu.externaltools.gnu-tools-for-stm32.9-2020-q2-update.linux64_1.5.0.202011040924/tools/bin/../lib/gcc/arm-none-eabi/9.3.1/thumb/v7e-m/nofp/crtbegin.o

.rodata         0x0000000008000c6c        0x0
                0x0000000008000c6c                . = ALIGN (0x4)
 *(.rodata)
 *(.rodata*)
                0x0000000008000c6c                . = ALIGN (0x4)

.ARM.extab      0x0000000008000c6c        0x0
                0x0000000008000c6c                . = ALIGN (0x4)
 *(.ARM.extab* .gnu.linkonce.armextab.*)
                0x0000000008000c6c                . = ALIGN (0x4)

.ARM            0x0000000008000c6c        0x0
                0x0000000008000c6c                . = ALIGN (0x4)
                0x0000000008000c6c                __exidx_start = .
 *(.ARM.exidx*)
                0x0000000008000c6c                __exidx_end = .
                0x0000000008000c6c                . = ALIGN (0x4)

.preinit_array  0x0000000008000c6c        0x0
                0x0000000008000c6c                . = ALIGN (0x4)
                0x0000000008000c6c                PROVIDE (__preinit_array_start = .)
 *(.preinit_array*)
                0x0000000008000c6c                PROVIDE (__preinit_array_end = .)
                0x0000000008000c6c                . = ALIGN (0x4)

.init_array     0x0000000008000c6c        0x4
                0x0000000008000c6c                . = ALIGN (0x4)
                0x0000000008000c6c                PROVIDE (__init_array_start = .)
 *(SORT_BY_NAME(.init_array.*))
 *(.init_array*)
 .init_array    0x0000000008000c6c        0x4 /opt/st/stm32cubeide_1.6.1/plugins/com.st.stm32cube.ide.mcu.externaltools.gnu-tools-for-stm32.9-2020-q2-update.linux64_1.5.0.202011040924/tools/bin/../lib/gcc/arm-none-eabi/9.3.1/thumb/v7e-m/nofp/crtbegin.o
                0x0000000008000c70                PROVIDE (__init_array_end = .)
                0x0000000008000c70                . = ALIGN (0x4)

.fini_array     0x0000000008000c70        0x4
                0x0000000008000c70                . = ALIGN (0x4)
                [!provide]                        PROVIDE (__fini_array_start = .)
 *(SORT_BY_NAME(.fini_array.*))
 *(.fini_array*)
 .fini_array    0x0000000008000c70        0x4 /opt/st/stm32cubeide_1.6.1/plugins/com.st.stm32cube.ide.mcu.externaltools.gnu-tools-for-stm32.9-2020-q2-update.linux64_1.5.0.202011040924/tools/bin/../lib/gcc/arm-none-eabi/9.3.1/thumb/v7e-m/nofp/crtbegin.o
                [!provide]                        PROVIDE (__fini_array_end = .)
                0x0000000008000c74                . = ALIGN (0x4)
                0x0000000008000c74                _sidata = LOADADDR (.data)

.data           0x0000000020000000       0x18 load address 0x0000000008000c74
                0x0000000020000000                . = ALIGN (0x4)
                0x0000000020000000                _sdata = .
 *(.data)
 *(.data*)
 .data.HPRE     0x0000000020000000       0x12 Drivers/Src/stm32f407vg_i2c_driver.o
 *fill*         0x0000000020000012        0x2 
 .data.PPRE1    0x0000000020000014        0x4 Drivers/Src/stm32f407vg_i2c_driver.o
 *(.RamFunc)
 *(.RamFunc*)
                0x0000000020000018                . = ALIGN (0x4)
                0x0000000020000018                _edata = .

.igot.plt       0x0000000020000018        0x0 load address 0x0000000008000c8c
 .igot.plt      0x0000000020000018        0x0 /opt/st/stm32cubeide_1.6.1/plugins/com.st.stm32cube.ide.mcu.externaltools.gnu-tools-for-stm32.9-2020-q2-update.linux64_1.5.0.202011040924/tools/bin/../lib/gcc/arm-none-eabi/9.3.1/thumb/v7e-m/nofp/crtbegin.o
                0x0000000020000018                . = ALIGN (0x4)

.bss            0x0000000020000018       0x1c load address 0x0000000008000c8c
                0x0000000020000018                _sbss = .
                0x0000000020000018                __bss_start__ = _sbss
 *(.bss)
 .bss           0x0000000020000018       0x1c /opt/st/stm32cubeide_1.6.1/plugins/com.st.stm32cube.ide.mcu.externaltools.gnu-tools-for-stm32.9-2020-q2-update.linux64_1.5.0.202011040924/tools/bin/../lib/gcc/arm-none-eabi/9.3.1/thumb/v7e-m/nofp/crtbegin.o
 *(.bss*)
 *(COMMON)
                0x0000000020000034                . = ALIGN (0x4)
                0x0000000020000034                _ebss = .
                0x0000000020000034                __bss_end__ = _ebss

._user_heap_stack
                0x0000000020000034      0x604 load address 0x0000000008000c8c
                0x0000000020000038                . = ALIGN (0x8)
 *fill*         0x0000000020000034        0x4 
                [!provide]                        PROVIDE (end = .)
                0x0000000020000038                PROVIDE (_end = .)
                0x0000000020000238                . = (. + _Min_Heap_Size)
 *fill*         0x0000000020000038      0x200 
                0x0000000020000638                . = (. + _Min_Stack_Size)
 *fill*         0x0000000020000238      0x400 
                0x0000000020000638                . = ALIGN (0x8)

/DISCARD/
 libc.a(*)
 libm.a(*)
 libgcc.a(*)

.ARM.attributes
                0x0000000000000000       0x2a
 *(.ARM.attributes)
 .ARM.attributes
                0x0000000000000000       0x1e /opt/st/stm32cubeide_1.6.1/plugins/com.st.stm32cube.ide.mcu.externaltools.gnu-tools-for-stm32.9-2020-q2-update.linux64_1.5.0.202011040924/tools/bin/../lib/gcc/arm-none-eabi/9.3.1/thumb/v7e-m/nofp/crti.o
 .ARM.attributes
                0x000000000000001e       0x2e /opt/st/stm32cubeide_1.6.1/plugins/com.st.stm32cube.ide.mcu.externaltools.gnu-tools-for-stm32.9-2020-q2-update.linux64_1.5.0.202011040924/tools/bin/../lib/gcc/arm-none-eabi/9.3.1/thumb/v7e-m/nofp/crtbegin.o
 .ARM.attributes
                0x000000000000004c       0x2e Drivers/Src/stm32f407vg_gpio_driver.o
 .ARM.attributes
                0x000000000000007a       0x2e Drivers/Src/stm32f407vg_i2c_driver.o
 .ARM.attributes
                0x00000000000000a8       0x2e Src/I2C_MasterTx.o
 .ARM.attributes
                0x00000000000000d6       0x21 Startup/startup_stm32f407vgtx.o
 .ARM.attributes
                0x00000000000000f7       0x2e /opt/st/stm32cubeide_1.6.1/plugins/com.st.stm32cube.ide.mcu.externaltools.gnu-tools-for-stm32.9-2020-q2-update.linux64_1.5.0.202011040924/tools/bin/../lib/gcc/arm-none-eabi/9.3.1/../../../../arm-none-eabi/lib/thumb/v7e-m/nofp/libc_nano.a(lib_a-init.o)
 .ARM.attributes
                0x0000000000000125       0x17 /opt/st/stm32cubeide_1.6.1/plugins/com.st.stm32cube.ide.mcu.externaltools.gnu-tools-for-stm32.9-2020-q2-update.linux64_1.5.0.202011040924/tools/bin/../lib/gcc/arm-none-eabi/9.3.1/../../../../arm-none-eabi/lib/thumb/v7e-m/nofp/libc_nano.a(lib_a-strlen.o)
 .ARM.attributes
                0x000000000000013c       0x1e /opt/st/stm32cubeide_1.6.1/plugins/com.st.stm32cube.ide.mcu.externaltools.gnu-tools-for-stm32.9-2020-q2-update.linux64_1.5.0.202011040924/tools/bin/../lib/gcc/arm-none-eabi/9.3.1/thumb/v7e-m/nofp/crtn.o
OUTPUT(STM32F407VG_Driver_Development.elf elf32-littlearm)
LOAD linker stubs
LOAD /opt/st/stm32cubeide_1.6.1/plugins/com.st.stm32cube.ide.mcu.externaltools.gnu-tools-for-stm32.9-2020-q2-update.linux64_1.5.0.202011040924/tools/bin/../lib/gcc/arm-none-eabi/9.3.1/../../../../arm-none-eabi/lib/thumb/v7e-m/nofp/libc.a
LOAD /opt/st/stm32cubeide_1.6.1/plugins/com.st.stm32cube.ide.mcu.externaltools.gnu-tools-for-stm32.9-2020-q2-update.linux64_1.5.0.202011040924/tools/bin/../lib/gcc/arm-none-eabi/9.3.1/../../../../arm-none-eabi/lib/thumb/v7e-m/nofp/libm.a
LOAD /opt/st/stm32cubeide_1.6.1/plugins/com.st.stm32cube.ide.mcu.externaltools.gnu-tools-for-stm32.9-2020-q2-update.linux64_1.5.0.202011040924/tools/bin/../lib/gcc/arm-none-eabi/9.3.1/thumb/v7e-m/nofp/libgcc.a

.debug_info     0x0000000000000000     0x1c84
 .debug_info    0x0000000000000000      0x723 Drivers/Src/stm32f407vg_gpio_driver.o
 .debug_info    0x0000000000000723      0x877 Drivers/Src/stm32f407vg_i2c_driver.o
 .debug_info    0x0000000000000f9a      0xcc8 Src/I2C_MasterTx.o
 .debug_info    0x0000000000001c62       0x22 Startup/startup_stm32f407vgtx.o

.debug_abbrev   0x0000000000000000      0x513
 .debug_abbrev  0x0000000000000000      0x11f Drivers/Src/stm32f407vg_gpio_driver.o
 .debug_abbrev  0x000000000000011f      0x1f7 Drivers/Src/stm32f407vg_i2c_driver.o
 .debug_abbrev  0x0000000000000316      0x1eb Src/I2C_MasterTx.o
 .debug_abbrev  0x0000000000000501       0x12 Startup/startup_stm32f407vgtx.o

.debug_aranges  0x0000000000000000      0x138
 .debug_aranges
                0x0000000000000000       0x68 Drivers/Src/stm32f407vg_gpio_driver.o
 .debug_aranges
                0x0000000000000068       0x78 Drivers/Src/stm32f407vg_i2c_driver.o
 .debug_aranges
                0x00000000000000e0       0x30 Src/I2C_MasterTx.o
 .debug_aranges
                0x0000000000000110       0x28 Startup/startup_stm32f407vgtx.o

.debug_ranges   0x0000000000000000      0x100
 .debug_ranges  0x0000000000000000       0x58 Drivers/Src/stm32f407vg_gpio_driver.o
 .debug_ranges  0x0000000000000058       0x68 Drivers/Src/stm32f407vg_i2c_driver.o
 .debug_ranges  0x00000000000000c0       0x20 Src/I2C_MasterTx.o
 .debug_ranges  0x00000000000000e0       0x20 Startup/startup_stm32f407vgtx.o

.debug_macro    0x0000000000000000     0x22c1
 .debug_macro   0x0000000000000000       0xad Drivers/Src/stm32f407vg_gpio_driver.o
 .debug_macro   0x00000000000000ad      0xaa8 Drivers/Src/stm32f407vg_gpio_driver.o
 .debug_macro   0x0000000000000b55       0x22 Drivers/Src/stm32f407vg_gpio_driver.o
 .debug_macro   0x0000000000000b77       0x8e Drivers/Src/stm32f407vg_gpio_driver.o
 .debug_macro   0x0000000000000c05       0x51 Drivers/Src/stm32f407vg_gpio_driver.o
 .debug_macro   0x0000000000000c56      0x103 Drivers/Src/stm32f407vg_gpio_driver.o
 .debug_macro   0x0000000000000d59       0x6a Drivers/Src/stm32f407vg_gpio_driver.o
 .debug_macro   0x0000000000000dc3      0x1df Drivers/Src/stm32f407vg_gpio_driver.o
 .debug_macro   0x0000000000000fa2      0x174 Drivers/Src/stm32f407vg_gpio_driver.o
 .debug_macro   0x0000000000001116      0x5d9 Drivers/Src/stm32f407vg_gpio_driver.o
 .debug_macro   0x00000000000016ef       0xa6 Drivers/Src/stm32f407vg_gpio_driver.o
 .debug_macro   0x0000000000001795       0x40 Drivers/Src/stm32f407vg_gpio_driver.o
 .debug_macro   0x00000000000017d5       0xc4 Drivers/Src/stm32f407vg_gpio_driver.o
 .debug_macro   0x0000000000001899       0xad Drivers/Src/stm32f407vg_i2c_driver.o
 .debug_macro   0x0000000000001946       0xac Drivers/Src/stm32f407vg_i2c_driver.o
 .debug_macro   0x00000000000019f2       0x3a Drivers/Src/stm32f407vg_i2c_driver.o
 .debug_macro   0x0000000000001a2c      0x171 Src/I2C_MasterTx.o
 .debug_macro   0x0000000000001b9d       0x52 Src/I2C_MasterTx.o
 .debug_macro   0x0000000000001bef       0x18 Src/I2C_MasterTx.o
 .debug_macro   0x0000000000001c07       0x3c Src/I2C_MasterTx.o
 .debug_macro   0x0000000000001c43       0x34 Src/I2C_MasterTx.o
 .debug_macro   0x0000000000001c77       0x16 Src/I2C_MasterTx.o
 .debug_macro   0x0000000000001c8d       0x43 Src/I2C_MasterTx.o
 .debug_macro   0x0000000000001cd0       0x34 Src/I2C_MasterTx.o
 .debug_macro   0x0000000000001d04       0x10 Src/I2C_MasterTx.o
 .debug_macro   0x0000000000001d14       0x58 Src/I2C_MasterTx.o
 .debug_macro   0x0000000000001d6c       0x71 Src/I2C_MasterTx.o
 .debug_macro   0x0000000000001ddd       0x1c Src/I2C_MasterTx.o
 .debug_macro   0x0000000000001df9      0x12a Src/I2C_MasterTx.o
 .debug_macro   0x0000000000001f23      0x339 Src/I2C_MasterTx.o
 .debug_macro   0x000000000000225c       0x10 Src/I2C_MasterTx.o
 .debug_macro   0x000000000000226c       0x35 Src/I2C_MasterTx.o
 .debug_macro   0x00000000000022a1       0x20 Src/I2C_MasterTx.o

.debug_line     0x0000000000000000     0x1939
 .debug_line    0x0000000000000000      0x8e5 Drivers/Src/stm32f407vg_gpio_driver.o
 .debug_line    0x00000000000008e5      0x9ae Drivers/Src/stm32f407vg_i2c_driver.o
 .debug_line    0x0000000000001293      0x622 Src/I2C_MasterTx.o
 .debug_line    0x00000000000018b5       0x84 Startup/startup_stm32f407vgtx.o

.debug_str      0x0000000000000000     0x94c9
 .debug_str     0x0000000000000000     0x6042 Drivers/Src/stm32f407vg_gpio_driver.o
                                       0x625f (size before relaxing)
 .debug_str     0x0000000000006042      0x236 Drivers/Src/stm32f407vg_i2c_driver.o
                                       0x6271 (size before relaxing)
 .debug_str     0x0000000000006278     0x3220 Src/I2C_MasterTx.o
                                       0x9318 (size before relaxing)
 .debug_str     0x0000000000009498       0x31 Startup/startup_stm32f407vgtx.o
                                         0x85 (size before relaxing)

.comment        0x0000000000000000       0x53
 .comment       0x0000000000000000       0x53 Drivers/Src/stm32f407vg_gpio_driver.o
                                         0x54 (size before relaxing)
 .comment       0x0000000000000053       0x54 Drivers/Src/stm32f407vg_i2c_driver.o
 .comment       0x0000000000000053       0x54 Src/I2C_MasterTx.o

.debug_frame    0x0000000000000000      0x430
 .debug_frame   0x0000000000000000      0x1a0 Drivers/Src/stm32f407vg_gpio_driver.o
 .debug_frame   0x00000000000001a0      0x1e8 Drivers/Src/stm32f407vg_i2c_driver.o
 .debug_frame   0x0000000000000388       0x7c Src/I2C_MasterTx.o
 .debug_frame   0x0000000000000404       0x2c /opt/st/stm32cubeide_1.6.1/plugins/com.st.stm32cube.ide.mcu.externaltools.gnu-tools-for-stm32.9-2020-q2-update.linux64_1.5.0.202011040924/tools/bin/../lib/gcc/arm-none-eabi/9.3.1/../../../../arm-none-eabi/lib/thumb/v7e-m/nofp/libc_nano.a(lib_a-init.o)
